    Checking app v0.1.0 (C:\Documents\UnivFukuchiyama\DAWIY\src-tauri)
error[E0428]: the name `launch_process` is defined multiple times
   --> src\vst_launcher.rs:103:1
    |
 90 | fn launch_process(exe_path: &str, name: &str) -> Result<String, String> {
    | ----------------------------------------------------------------------- previous definition of the value `launch_process` here
...
103 | fn launch_process(exe_path: &str, name: &str) -> Result<String, String> {
    | ^^^^^^^^^^^^^^^^^^^^^^^^^^^^^^^^^^^^^^^^^^^^^^^^^^^^^^^^^^^^^^^^^^^^^^^ `launch_process` redefined here
    |
    = note: `launch_process` must be defined only once in the value namespace of this module

warning: unused import: `PathBuf`
 --> src\vst_launcher.rs:5:23
  |
5 | use std::path::{Path, PathBuf};
  |                       ^^^^^^^
  |
  = note: `#[warn(unused_imports)]` (part of `#[warn(unused)]`) on by default

warning: use of deprecated trait `winit::raw_window_handle::HasRawWindowHandle`: Use `HasWindowHandle` instead
  --> src\vst_host.rs:11:32
   |
11 | use winit::raw_window_handle::{HasRawWindowHandle, RawWindowHandle};
   |                                ^^^^^^^^^^^^^^^^^^
   |
   = note: `#[warn(deprecated)]` on by default

warning: use of deprecated method `winit::raw_window_handle::HasRawWindowHandle::raw_window_handle`: Use `HasWindowHandle` instead
   --> src\vst_host.rs:425:71
    |
425 |         let hwnd = if let Ok(RawWindowHandle::Win32(handle)) = window.raw_window_handle() {
    |                                                                       ^^^^^^^^^^^^^^^^^

warning: unnecessary `unsafe` block
   --> src\vst_host.rs:515:21
    |
209 |     unsafe {
    |     ------ because it's nested under this `unsafe` block
...
515 |                     unsafe { 
    |                     ^^^^^^ unnecessary `unsafe` block
    |
    = note: `#[warn(unused_unsafe)]` (part of `#[warn(unused)]`) on by default

For more information about this error, try `rustc --explain E0428`.
warning: `app` (lib) generated 4 warnings
error: could not compile `app` (lib) due to 1 previous error; 4 warnings emitted
